fquiros@C02Z71TLLVDN phrase-counter % echo "hello world"
hello world
fquiros@C02Z71TLLVDN phrase-counter % echo "hello world" | grep hello
hello world
fquiros@C02Z71TLLVDN phrase-counter % echo "hello world" | grep bob  
fquiros@C02Z71TLLVDN phrase-counter % echo "hello world" | tr a-z A-Z
HELLO WORLD
fquiros@C02Z71TLLVDN phrase-counter % echo "hello world" > helloText 
fquiros@C02Z71TLLVDN phrase-counter % grep hello < helloText        
hello world
fquiros@C02Z71TLLVDN phrase-counter % grep hello < bob      
zsh: no such file or directory: bob
fquiros@C02Z71TLLVDN phrase-counter % grep bob < helloText
fquiros@C02Z71TLLVDN phrase-counter % cat helloText 
hello world
fquiros@C02Z71TLLVDN phrase-counter % cat helloText | grep hello
hello world

(.venv) fquiros@C02Z71TLLVDN phrase-counter % ls -l main.py
-rw-r--r--  1 fquiros  staff  1104 Jan 24 15:32 main.py
(.venv) fquiros@C02Z71TLLVDN phrase-counter % grep staff /etc/group
staff:*:20:root
(.venv) fquiros@C02Z71TLLVDN phrase-counter % chmod u+x main.py
(.venv) fquiros@C02Z71TLLVDN phrase-counter % ls -l main.py 
-rwxr--r--  1 fquiros  staff  1104 Jan 24 15:32 main.py